==================================
System Health Check - Thu May 21 01:00:59 PM UTC 2026
==================================

CPU Usage:
%Cpu(s):  0.0 us,  2.6 sy,  0.0 ni, 96.1 id,  0.6 wa,  0.0 hi,  0.6 si,  0.0 st 

Memory Usage:
               total        used        free      shared  buff/cache   available
Mem:            4634        2170         233          55        2329        2464
Swap:              0           0           0

Disk Usage:
Filesystem      Size  Used Avail Use% Mounted on
tmpfs           927M  2.4M  925M   1% /run
/dev/sda2        40G  7.1G   31G  19% /
tmpfs           2.3G     0  2.3G   0% /dev/shm
tmpfs           2.3G   16K  2.3G   1% /tmp
none            1.0M     0  1.0M   0% /run/credentials/systemd-journald.service
none            1.0M     0  1.0M   0% /run/credentials/systemd-resolved.service
tmpfs           464M   96K  464M   1% /run/user/1000

Top Processes:
USER         PID %CPU %MEM    VSZ   RSS TTY      STAT START   TIME COMMAND
praveen     9593 61.0 12.6 12238356 599688 ?     Sl   12:52   4:53 /snap/firefox/8107/usr/lib/firefox/firefox
praveen    10490 20.3 11.9 3125752 567884 ?      Sl   12:53   1:33 /snap/firefox/8107/usr/lib/firefox/firefox -contentproc -isForBrowser -prefsHandle 0:42555 -prefMapHandle 1:283082 -jsInitHandle 2:156136 -parentBuildID 20260404010525 -sandboxReporter 3 -chrootClient 4 -ipcHandle 5 -initialChannelId {39ecccb9-3449-4e58-9f41-9a2ebec7255d} -parentPid 9593 -crashReporter 6 -crashHelper 7 -greomni /snap/firefox/8107/usr/lib/firefox/omni.ja -appomni /snap/firefox/8107/usr/lib/firefox/browser/omni.ja -appDir /snap/firefox/8107/usr/lib/firefox/browser 9 tab
praveen     4423 41.4  9.7 9500900 464884 ?      Ssl  12:38   9:15 /usr/bin/gnome-shell --mode=ubuntu
praveen     6829  6.5  5.5 5341976 262748 ?      Sl   12:39   1:24 /usr/bin/ptyxis --gapplication-service
praveen     9829  4.9  3.2 2729932 154384 ?      Sl   12:52   0:23 /snap/firefox/8107/usr/lib/firefox/firefox -contentproc -isForBrowser -prefsHandle 0:35464 -prefMapHandle 1:283082 -jsInitHandle 2:156136 -parentBuildID 20260404010525 -sandboxReporter 3 -chrootClient 4 -ipcHandle 5 -initialChannelId {5a9345e7-e6d2-495a-b1d8-a8a57b822432} -parentPid 9593 -crashReporter 6 -crashHelper 7 -greomni /snap/firefox/8107/usr/lib/firefox/omni.ja -appomni /snap/firefox/8107/usr/lib/firefox/browser/omni.ja -appDir /snap/firefox/8107/usr/lib/firefox/browser 3 tab
praveen     5455  0.1  2.5 2613744 119396 ?      Sl   12:39   0:01 /usr/libexec/mutter-x11-frames
praveen    10036  1.3  2.2 2634000 105348 ?      Sl   12:53   0:06 /snap/firefox/8107/usr/lib/firefox/firefox -contentproc -isForBrowser -prefsHandle 0:35521 -prefMapHandle 1:283082 -jsInitHandle 2:156136 -parentBuildID 20260404010525 -sandboxReporter 3 -chrootClient 4 -ipcHandle 5 -initialChannelId {0309ef56-5fc1-4936-9bdf-4c5198fc9931} -parentPid 9593 -crashReporter 6 -crashHelper 7 -greomni /snap/firefox/8107/usr/lib/firefox/omni.ja -appomni /snap/firefox/8107/usr/lib/firefox/browser/omni.ja -appDir /snap/firefox/8107/usr/lib/firefox/browser 5 tab
praveen     5647  0.0  1.5 374008 72792 ?        Sl   12:39   0:00 /usr/libexec/ibus-x11
praveen     6438  0.5  1.5 3412848 71856 ?       Sl   12:39   0:07 gjs /usr/share/gnome-shell/extensions/ding@rastersoft.com/app/ding.js -E -P /usr/share/gnome-shell/extensions/ding@rastersoft.com/app

System Uptime:
 13:00:59 up 27 min,  1 user,  load average: 0.77, 2.00, 2.19

Health Check Completed
